
> project-stickman@0.0.0 build
> tsc --noEmit && vite build

vite v8.3.0 building client environment for production...
transforming...
✓ 74 modules transformed.
rendering chunks...
computing gzip size...
dist/lab.html                             0.57 kB │ gzip:   0.34 kB
dist/index.html                           3.71 kB │ gzip:   1.54 kB
dist/assets/lab-DlrNPrkH.css              1.19 kB │ gzip:   0.61 kB
dist/assets/main-Mjepcr2b.css            11.97 kB │ gzip:   3.27 kB
dist/assets/idle-D-NTe_uM.js              0.54 kB │ gzip:   0.33 kB
dist/assets/poses-BqmEgx7T.js             1.75 kB │ gzip:   0.86 kB
dist/assets/lab-BgO6kf0u.js               2.03 kB │ gzip:   1.11 kB
dist/assets/behavior-BOXE_o7M.js          6.30 kB │ gzip:   1.92 kB
dist/assets/locomotion-D2m7oJht.js        6.48 kB │ gzip:   1.90 kB
dist/assets/damage-C7Sxw2FS.js           10.85 kB │ gzip:   2.82 kB
dist/assets/panel-DoZRLSme.js            15.24 kB │ gzip:   6.32 kB
dist/assets/blood-stamps-CriYgm8g.js     20.57 kB │ gzip:   7.97 kB
dist/assets/registry-Cbn1QAoo.js         28.86 kB │ gzip:  10.84 kB
dist/assets/main-CIQMBsl5.js            190.81 kB │ gzip:  64.16 kB
dist/assets/preload-helper-C1BY7j0I.js  726.92 kB │ gzip: 187.04 kB

✓ built in 222ms
[plugin builtin:vite-reporter] 
(!) Some chunks are larger than 500 kB after minification. Consider:
- Using dynamic import() to code-split the application
- Use build.rolldownOptions.output.codeSplitting to improve chunking: https://rolldown.rs/reference/OutputOptions.codeSplitting
- Adjust chunk size limit for this warning via build.chunkSizeWarningLimit.

> project-stickman@0.0.0 test:polish
> node scripts/check-player.mjs scripts/polish-weapon-checks.ts && node scripts/check-player.mjs scripts/polish-ai-checks.ts && node scripts/check-player.mjs scripts/polish-audio-checks.ts && node scripts/check-player.mjs scripts/polish-effects-checks.ts

PASS Construction before walk camera setup preserves walk and inspection FOV ownership
PASS Mission sniper preserves original procedural scope, bolt, magazine and grip anchors
PASS Scoped shot uses 4× optical zoom, sensitivity and authoritative semi-auto ammunition/damage/sound pipeline
PASS Sniper reload exits scope and transfers cartridges only once at completion
PASS cancel restores FOV/sensitivity and removes queued sniper fire
PASS pause restores FOV/sensitivity and removes queued sniper fire
PASS climb restores FOV/sensitivity and removes queued sniper fire
PASS switch restores FOV/sensitivity and removes queued sniper fire
PASS restore restores FOV/sensitivity and removes queued sniper fire
PASS dispose restores FOV/sensitivity and removes queued sniper fire
PASS Cover blocks the long sniper muzzle and zoom without consuming ammunition
All gameplay polish weapon checks passed.
PASS Every ordinary headshot survives at full health; sniper is the deliberate exception
PASS Close-distance movement faces forward, runs, plants feet, then fires
PASS Missed shots behind a guard provoke a turn and fair acquisition; visual distant muzzle events alert snipers
PASS Snipers fire at long range, stay on post when contact moves, and cannot shoot through cover
PASS Unseen player movement cannot alter combat destination or orientation
PASS Enemy misses hit real surfaces with sound and callback at the obstruction
PASS Every region emits its own sound and flinch on repeated hits; reactions stop root movement
PASS Real actor reaction replay restarts the same cached action immediately
PASS browser activation starts exactly one ambience/music pair
PASS all hit regions and mechanical/sniper events produce spatial or local sources; range culls distant shots
PASS urgent callouts cannot overlap and repeated speaker/phrase cooldowns expire
PASS ladder events are bounded one-shots with duplicate-event rejection
PASS mute, pause, resume, reset and disposal clean nodes and do not duplicate loops
PASS late asynchronous sample loads cannot repopulate disposed audio
PASS decoded voice duration prevents overlap; head/torso and sniper samples retain distinct pitch ranges
PASS shared balance permits only sniper one-shot head kills; every limb takes positive damage
PASS region reaction routing includes mirrored limbs and exact ray capsule surfaces
PASS impact chips originate at actual contact, remain bounded, expire and clear on reset/dispose
