
> project-stickman@0.0.0 build
> tsc --noEmit && vite build

vite v8.3.0 building client environment for production...
transforming...
✓ 74 modules transformed.
rendering chunks...
computing gzip size...
dist/lab.html                             0.57 kB │ gzip:   0.34 kB
dist/index.html                           3.71 kB │ gzip:   1.54 kB
dist/assets/lab-DlrNPrkH.css              1.19 kB │ gzip:   0.61 kB
dist/assets/main-Mjepcr2b.css            11.97 kB │ gzip:   3.27 kB
dist/assets/idle-D-NTe_uM.js              0.54 kB │ gzip:   0.33 kB
dist/assets/poses-BqmEgx7T.js             1.75 kB │ gzip:   0.86 kB
dist/assets/lab-BgO6kf0u.js               2.03 kB │ gzip:   1.11 kB
dist/assets/behavior-BOXE_o7M.js          6.30 kB │ gzip:   1.92 kB
dist/assets/locomotion-D2m7oJht.js        6.48 kB │ gzip:   1.90 kB
dist/assets/damage-C7Sxw2FS.js           10.85 kB │ gzip:   2.82 kB
dist/assets/panel-DoZRLSme.js            15.24 kB │ gzip:   6.32 kB
dist/assets/blood-stamps-CriYgm8g.js     20.57 kB │ gzip:   7.97 kB
dist/assets/registry-Cbn1QAoo.js         28.86 kB │ gzip:  10.84 kB
dist/assets/main-DRB0LBxA.js            190.78 kB │ gzip:  64.16 kB
dist/assets/preload-helper-C1BY7j0I.js  726.92 kB │ gzip: 187.04 kB

✓ built in 211ms
[plugin builtin:vite-reporter] 
(!) Some chunks are larger than 500 kB after minification. Consider:
- Using dynamic import() to code-split the application
- Use build.rolldownOptions.output.codeSplitting to improve chunking: https://rolldown.rs/reference/OutputOptions.codeSplitting
- Adjust chunk size limit for this warning via build.chunkSizeWarningLimit.

> project-stickman@0.0.0 test:player
> node scripts/check-player.mjs

PASS Walk, sprint, diagonal speed, and frame-rate independence
PASS Jump rises, cannot double-jump, and lands on the same ground
PASS Exterior walls and wire fence panels stop sprinting
PASS The mess hall staircase can be walked up and down
PASS Mess hall · west exterior roof ladder: climb up, stand on landing, climb down
PASS West fuel storage 1 · solid access ladder: climb up, stand on landing, climb down
PASS West fuel storage 2 · solid access ladder: climb up, stand on landing, climb down
PASS West fuel storage 3 · solid access ladder: climb up, stand on landing, climb down
PASS North water tower · solid access ladder: climb up, stand on landing, climb down
PASS West observation tower · solid access ladder: climb up, stand on landing, climb down
PASS F opens a closed door and the animated leaf permits passage
PASS The mess hall yard exit opens from inside, reaches the yard, and permits re-entry
PASS Door interactions reject distance, facing away, and an occluding wall
All player checks passed.

> project-stickman@0.0.0 test:vr
> node scripts/check-player.mjs scripts/vr-checks.ts

PASS Quest axes, dead zone, missing controllers, and diagonal speed cap
PASS Snap turn requires stick release, including direction changes
PASS Floor height, initial heading, crouching, snap pivot, and head-relative movement
PASS All six ladders blink up/down onto supported landings without rotating the camera

> project-stickman@0.0.0 test:mission
> node scripts/check-player.mjs scripts/mission-checks.ts

PASS fresh states do not share mutable inventory or objective data
PASS release → brake / radio intact reaches extraction
PASS release → brake / radio isolated reaches extraction
PASS brake → release / radio intact reaches extraction
PASS brake → release / radio isolated reaches extraction
PASS repeated objective activation cannot repeat transitions or reset the horn timer
PASS radio after STOP cannot retroactively reduce the already announced response
PASS either missing interlock keeps STOP locked without changing mission state
PASS full health does not consume a finite medical supply; later use is idempotent
PASS bell cooldown is measured in active mission time and does not duplicate rewards
PASS death clamps health and freezes complication, objectives, supplies and subsequent damage
PASS completed mission is immutable to timer, damage and interactions
PASS saved mission snapshot survives later death and world-state mutation
PASS contextual objective interaction is selected once and rechecks distance and solid occlusion
14 mission checks passed. These test state/interaction contracts, not a human playthrough.

> project-stickman@0.0.0 test:weapons
> node scripts/check-player.mjs scripts/weapon-checks.ts

PASS A trigger consumes one cartridge, emits one sound and resolves one synchronous muzzle shot
PASS Reload transfer conserves cartridges and commits only at completion
PASS A complete trigger click between animation frames fires once and leaves no repeated shot
PASS Pause, climbing and restore cancel reloads and held automatic fire without delayed actions
PASS Two-slot swap, explicit drop and repeated pickup preserve every item and its ammunition
PASS Nearby cover blocks actual muzzle fire without consuming ammunition
PASS Pickup validates live distance, facing and solid cover at activation
PASS Pickup accepts the action selector facing edge and rejects targets beyond it
PASS All weapon poses retain fixed bone lengths and solid black depth-tested arms
All weapon checks passed.

> project-stickman@0.0.0 test:map
> node scripts/check-player.mjs scripts/map-checks.ts

PASS spawn fits
PASS station radio standing and visible
PASS station release standing and visible
PASS station brake standing and visible
PASS station signal standing and visible
PASS station supply standing and visible
PASS station distraction standing and visible
PASS station extract standing and visible
PASS yard-patrol starts clear
PASS west-patrol starts clear
PASS tower-patrol-a starts clear
PASS tower-patrol-b starts clear
PASS inner-gate starts clear
PASS loading-patrol starts clear
PASS workshop-patrol starts clear
PASS rail-patrol starts clear
PASS relay-patrol starts clear
PASS crew-patrol starts clear
PASS dispatch-guard starts clear
PASS maintenance-guard starts clear
PASS water-sniper starts clear
PASS watch-sniper starts clear
PASS reserve-1 starts clear
PASS reserve-2 starts clear
PASS reserve-3 starts clear
PASS reserve-4 starts clear
PASS yard-patrol complete patrol clearance
PASS west-patrol complete patrol clearance
PASS tower-patrol-a complete patrol clearance
PASS tower-patrol-b complete patrol clearance
PASS inner-gate complete patrol clearance
PASS loading-patrol complete patrol clearance
PASS workshop-patrol complete patrol clearance
PASS rail-patrol complete patrol clearance
PASS relay-patrol complete patrol clearance
PASS crew-patrol complete patrol clearance
PASS dispatch-guard complete patrol clearance
PASS maintenance-guard complete patrol clearance
PASS Two supported tower sniper posts have open outward sightlines
PASS traverse relay
PASS traverse dispatch
PASS traverse crew
PASS traverse maintenance
PASS traverse eastGate
PASS traverse railGap
PASS traverse separationGate
PASS traverse annexTraverse
PASS traverse reserveExit
PASS traverse southernFieldMapRoute
PASS traverse northernFieldMapRoute
PASS maintenance ladder goes up and down
PASS north perimeter stops movement
PASS south perimeter stops movement
PASS west perimeter stops movement
PASS east perimeter stops movement
PASS Relay house closed door blocks
PASS Dispatch cabin closed door blocks
PASS Crew house closed door blocks
PASS Maintenance shelter closed door blocks
{
  "newMeshes": 168,
  "newTriangles": 17226,
  "stationCount": 7,
  "enemies": 18,
  "failures": []
}

> project-stickman@0.0.0 test:ai
> node scripts/check-player.mjs scripts/ai-checks.ts

PASS Vision cone, range and vertical limits are explicit; obstruction dampens hearing
PASS Ray hits the nearest upright body and rejects shots above/beside it
PASS A* routes through a doorway, avoids corner cutting, and reports sealed goals
Patrol planning check 897 ms; 0.8 m grid
PASS Every authored NPC patrol segment has a collision-checked path on the actual map
PASS NPC door traversal opens the real hinge and waits for physical clearance
PASS Solid cover blocks live detection and shots while hearing uses the obstructed radius
280 s patrol simulation 7425 ms yard-patrol:24/0 west-patrol:25/0 tower-patrol-a:17/0 tower-patrol-b:17/0 inner-gate:51/0 loading-patrol:22/0 workshop-patrol:26/0 rail-patrol:18/0 relay-patrol:35/0 crew-patrol:35/0 dispatch-guard:46/0 maintenance-guard:55/0 water-sniper:0/0 watch-sniper:0/0 reserve-1:9/0 reserve-2:9/0 reserve-3:9/0 reserve-4:9/0
PASS All ordinary guards complete real patrol loops; the reserve detail exits the crew-house doors
PASS Live director obeys suspicion delay, last-known search, bounded communication, death/drop and restore

> project-stickman@0.0.0 test:polish
> node scripts/check-player.mjs scripts/polish-weapon-checks.ts && node scripts/check-player.mjs scripts/polish-ai-checks.ts && node scripts/check-player.mjs scripts/polish-audio-checks.ts && node scripts/check-player.mjs scripts/polish-effects-checks.ts

PASS Construction before walk camera setup preserves walk and inspection FOV ownership
PASS Mission sniper preserves original procedural scope, bolt, magazine and grip anchors
PASS Scoped shot uses 4× optical zoom, sensitivity and authoritative semi-auto ammunition/damage/sound pipeline
PASS Sniper reload exits scope and transfers cartridges only once at completion
PASS cancel restores FOV/sensitivity and removes queued sniper fire
PASS pause restores FOV/sensitivity and removes queued sniper fire
PASS climb restores FOV/sensitivity and removes queued sniper fire
PASS switch restores FOV/sensitivity and removes queued sniper fire
PASS restore restores FOV/sensitivity and removes queued sniper fire
PASS dispose restores FOV/sensitivity and removes queued sniper fire
PASS Cover blocks the long sniper muzzle and zoom without consuming ammunition
All gameplay polish weapon checks passed.
PASS Every ordinary headshot survives at full health; sniper is the deliberate exception
PASS Close-distance movement faces forward, runs, plants feet, then fires
PASS Missed shots behind a guard provoke a turn and fair acquisition; visual distant muzzle events alert snipers
PASS Snipers fire at long range, stay on post when contact moves, and cannot shoot through cover
PASS Unseen player movement cannot alter combat destination or orientation
PASS Enemy misses hit real surfaces with sound and callback at the obstruction
PASS Every region emits its own sound and flinch on repeated hits; reactions stop root movement
PASS Real actor reaction replay restarts the same cached action immediately
PASS browser activation starts exactly one ambience/music pair
PASS all hit regions and mechanical/sniper events produce spatial or local sources; range culls distant shots
PASS urgent callouts cannot overlap and repeated speaker/phrase cooldowns expire
PASS ladder events are bounded one-shots with duplicate-event rejection
PASS mute, pause, resume, reset and disposal clean nodes and do not duplicate loops
PASS late asynchronous sample loads cannot repopulate disposed audio
PASS decoded voice duration prevents overlap; head/torso and sniper samples retain distinct pitch ranges
PASS shared balance permits only sniper one-shot head kills; every limb takes positive damage
PASS region reaction routing includes mirrored limbs and exact ray capsule surfaces
PASS impact chips originate at actual contact, remain bounded, expire and clear on reset/dispose
